doop@monika-VirtualBox:~$ start-all.sh
WARNING: Attempting to start all Apache Hadoop daemons as hdoop in 10 seconds.
WARNING: This is not a recommended production deployment configuration.
WARNING: Use CTRL-C to abort.
Starting namenodes on [localhost]
Starting datanodes
Starting secondary namenodes [monika-VirtualBox]
Starting resourcemanager
Starting nodemanagers
hdoop@monika-VirtualBox:~$ jps
2592 DataNode
2774 SecondaryNameNode
2455 NameNode
3016 ResourceManager
3147 NodeManager
3438 Jps
hdoop@monika-VirtualBox:~$ eclipse
org.eclipse.m2e.logback.configuration: The org.eclipse.m2e.logback.configuration bundle was activated before the state location was initialized.  Will retry after the state location is initialized.
org.eclipse.m2e.logback.configuration: Logback config file: /home/hdoop/eclipse-workspace/.metadata/.plugins/org.eclipse.m2e.logback.configuration/logback.1.14.0.20191209-1925.xml
org.eclipse.m2e.logback.configuration: Initializing logback

(Eclipse:3544): Gtk-WARNING **: 11:38:41.784: Failed to fetch network locations: Timeout was reached
hdoop@monika-VirtualBox:~$ cd /home/hdoop/eclipse-workspace/
hdoop@monika-VirtualBox:~/eclipse-workspace$ ls
A3_WordCount  wordcount.jar
hdoop@monika-VirtualBox:~/eclipse-workspace$ gedit input.txt
hdoop@monika-VirtualBox:~/eclipse-workspace$ cd .
hdoop@monika-VirtualBox:~/eclipse-workspace$ cd ..
hdoop@monika-VirtualBox:~$ ls
Desktop    Downloads          empty.txt  f2.txt        hadoop-3.2.1.tar.gz  monika             monika_1nt18is094.txt  Music     Public  Templates  Videos
Documents  eclipse-workspace  f1.txt     hadoop-3.2.1  hdfs_cmds            monika_1nt18is094  MONIKA_1NT18IS094.txt  Pictures  snap    tmpdata
hdoop@monika-VirtualBox:~$ sudo nano ~/.bashrc
[sudo] password for hdoop: 
hdoop@monika-VirtualBox:~$ source ~/.bashrc
hdoop@monika-VirtualBox:~$ ls
Desktop    Downloads          empty.txt  f2.txt        hadoop-3.2.1.tar.gz  monika             monika_1nt18is094.txt  Music     Public  Templates  Videos
Documents  eclipse-workspace  f1.txt     hadoop-3.2.1  hdfs_cmds            monika_1nt18is094  MONIKA_1NT18IS094.txt  Pictures  snap    tmpdata
hdoop@monika-VirtualBox:~$ hadoop jar wordcount.jar WordCount input.txt output
JAR does not exist or is not a normal file: /home/hdoop/wordcount.jar
hdoop@monika-VirtualBox:~$ cd /home/hdoop/eclipse-workspace/
hdoop@monika-VirtualBox:~/eclipse-workspace$ hadoop fs -put input.txt
2021-05-10 12:23:55,011 INFO sasl.SaslDataTransferClient: SASL encryption trust check: localHostTrusted = false, remoteHostTrusted = false
hdoop@monika-VirtualBox:~/eclipse-workspace$ hadoop fs -cat input.txt
2021-05-10 12:24:41,687 INFO sasl.SaslDataTransferClient: SASL encryption trust check: localHostTrusted = false, remoteHostTrusted = false
car deer river 
deer river car
car bike river
hdoop@monika-VirtualBox:~/eclipse-workspace$ hadoop jar wordcount.jar WordCount input.txt output
2021-05-10 12:24:59,788 INFO client.RMProxy: Connecting to ResourceManager at /127.0.0.1:8032
2021-05-10 12:25:00,952 WARN mapreduce.JobResourceUploader: Hadoop command-line option parsing not performed. Implement the Tool interface and execute your application with ToolRunner to remedy this.
2021-05-10 12:25:00,975 INFO mapreduce.JobResourceUploader: Disabling Erasure Coding for path: /tmp/hadoop-yarn/staging/hdoop/.staging/job_1620625529518_0001
2021-05-10 12:25:01,145 INFO sasl.SaslDataTransferClient: SASL encryption trust check: localHostTrusted = false, remoteHostTrusted = false
2021-05-10 12:25:01,348 INFO input.FileInputFormat: Total input files to process : 1
2021-05-10 12:25:01,473 INFO sasl.SaslDataTransferClient: SASL encryption trust check: localHostTrusted = false, remoteHostTrusted = false
2021-05-10 12:25:01,526 INFO sasl.SaslDataTransferClient: SASL encryption trust check: localHostTrusted = false, remoteHostTrusted = false
2021-05-10 12:25:01,558 INFO mapreduce.JobSubmitter: number of splits:1
2021-05-10 12:25:01,773 INFO sasl.SaslDataTransferClient: SASL encryption trust check: localHostTrusted = false, remoteHostTrusted = false
2021-05-10 12:25:01,830 INFO mapreduce.JobSubmitter: Submitting tokens for job: job_1620625529518_0001
2021-05-10 12:25:01,831 INFO mapreduce.JobSubmitter: Executing with tokens: []
2021-05-10 12:25:02,247 INFO conf.Configuration: resource-types.xml not found
2021-05-10 12:25:02,248 INFO resource.ResourceUtils: Unable to find 'resource-types.xml'.
2021-05-10 12:25:02,935 INFO impl.YarnClientImpl: Submitted application application_1620625529518_0001
2021-05-10 12:25:03,058 INFO mapreduce.Job: The url to track the job: http://monika-VirtualBox:8088/proxy/application_1620625529518_0001/
2021-05-10 12:25:03,066 INFO mapreduce.Job: Running job: job_1620625529518_0001
2021-05-10 12:25:14,443 INFO mapreduce.Job: Job job_1620625529518_0001 running in uber mode : false
2021-05-10 12:25:14,447 INFO mapreduce.Job:  map 0% reduce 0%
2021-05-10 12:25:21,833 INFO mapreduce.Job:  map 100% reduce 0%
2021-05-10 12:25:27,909 INFO mapreduce.Job:  map 100% reduce 100%
2021-05-10 12:25:28,967 INFO mapreduce.Job: Job job_1620625529518_0001 completed successfully
2021-05-10 12:25:29,198 INFO mapreduce.Job: Counters: 54
	File System Counters
		FILE: Number of bytes read=50
		FILE: Number of bytes written=450949
		FILE: Number of read operations=0
		FILE: Number of large read operations=0
		FILE: Number of write operations=0
		HDFS: Number of bytes read=153
		HDFS: Number of bytes written=28
		HDFS: Number of read operations=8
		HDFS: Number of large read operations=0
		HDFS: Number of write operations=2
		HDFS: Number of bytes read erasure-coded=0
	Job Counters 
		Launched map tasks=1
		Launched reduce tasks=1
		Data-local map tasks=1
		Total time spent by all maps in occupied slots (ms)=4395
		Total time spent by all reduces in occupied slots (ms)=3953
		Total time spent by all map tasks (ms)=4395
		Total time spent by all reduce tasks (ms)=3953
		Total vcore-milliseconds taken by all map tasks=4395
		Total vcore-milliseconds taken by all reduce tasks=3953
		Total megabyte-milliseconds taken by all map tasks=4500480
		Total megabyte-milliseconds taken by all reduce tasks=4047872
	Map-Reduce Framework
		Map input records=3
		Map output records=9
		Map output bytes=81
		Map output materialized bytes=50
		Input split bytes=107
		Combine input records=9
		Combine output records=4
		Reduce input groups=4
		Reduce shuffle bytes=50
		Reduce input records=4
		Reduce output records=4
		Spilled Records=8
		Shuffled Maps =1
		Failed Shuffles=0
		Merged Map outputs=1
		GC time elapsed (ms)=158
		CPU time spent (ms)=1710
		Physical memory (bytes) snapshot=414150656
		Virtual memory (bytes) snapshot=5058387968
		Total committed heap usage (bytes)=342884352
		Peak Map Physical memory (bytes)=230256640
		Peak Map Virtual memory (bytes)=2525171712
		Peak Reduce Physical memory (bytes)=183894016
		Peak Reduce Virtual memory (bytes)=2533216256
	Shuffle Errors
		BAD_ID=0
		CONNECTION=0
		IO_ERROR=0
		WRONG_LENGTH=0
		WRONG_MAP=0
		WRONG_REDUCE=0
	File Input Format Counters 
		Bytes Read=46
	File Output Format Counters 
		Bytes Written=28
hdoop@monika-VirtualBox:~/eclipse-workspace$ hadoop fs -ls
Found 5 items
-rw-r--r--   1 hdoop supergroup          0 2021-05-08 17:41 empty.txt
-rw-r--r--   1 hdoop supergroup          0 2021-05-08 17:42 empty1.txt
-rw-r--r--   1 hdoop supergroup         46 2021-05-10 12:23 input.txt
drwxr-xr-x   - hdoop supergroup          0 2021-05-08 18:08 monika
drwxr-xr-x   - hdoop supergroup          0 2021-05-10 12:25 output
hdoop@monika-VirtualBox:~/eclipse-workspace$ hadoop fs -ls output
Found 2 items
-rw-r--r--   1 hdoop supergroup          0 2021-05-10 12:25 output/_SUCCESS
-rw-r--r--   1 hdoop supergroup         28 2021-05-10 12:25 output/part-r-00000
hdoop@monika-VirtualBox:~/eclipse-workspace$ hadoop fs -ls output/part-r-00000
-rw-r--r--   1 hdoop supergroup         28 2021-05-10 12:25 output/part-r-00000
hdoop@monika-VirtualBox:~/eclipse-workspace$ hadoop fs -cat output/part-r-00000
2021-05-10 12:29:43,661 INFO sasl.SaslDataTransferClient: SASL encryption trust check: localHostTrusted = false, remoteHostTrusted = false
bike	1
car	3
deer	2
river	3

